<html>
<body>
<pre>
<h1>礦ision Build Log</h1>
<h2>Tool Versions:</h2>
IDE-Version: μVision V5.24.2.86
Copyright (C) 2017 ARM Ltd and ARM Germany GmbH. All rights reserved.
License Information: XQ Lin, ABC, LIC=D0D12-95V3F-GJX6P-MBT1L-ZTP5R-FL3XV
 
Tool Versions:
Toolchain:       MDK-ARM Plus  Version: 5.20
Toolchain Path:  C:\Keil_v5\ARM\ARMCC\Bin
C Compiler:      Armcc.exe V5.06 update 2 (build 183)
Assembler:       Armasm.exe V5.06 update 2 (build 183)
Linker/Locator:  ArmLink.exe V5.06 update 2 (build 183)
Library Manager: ArmAr.exe V5.06 update 2 (build 183)
Hex Converter:   FromElf.exe V5.06 update 2 (build 183)
CPU DLL:         SARMCM3.DLL V5.20
Dialog DLL:      DARMSTM.DLL V1.66.0.0
Target DLL:      Segger\JL2CM3.dll V2.99.20.0
Dialog DLL:      TARMSTM.DLL V1.65.0.0
 
<h2>Project:</h2>
C:\Users\Lin\Desktop\Mix_test\TrueSTUDIO\2-TIM—通用定时器-4路PWM输出\Project\RVMDK（uv5）\BH-F103.uvprojx
Project File Date:  08/19/2018

<h2>Output:</h2>
*** Using Compiler 'V5.06 update 2 (build 183)', folder: 'C:\Keil_v5\ARM\ARMCC\Bin'
Build target 'TIM—通用定时器-4路PWM输出'
compiling main.c...
..\..\User\main.c(20): warning:  #223-D: function "ESP8266_Init" declared implicitly
  	ESP8266_Init ();//??始化WiFi模??使?玫慕涌诤?????
..\..\User\main.c(25): warning:  #223-D: function "ESP8266_StaTcpClient_UnvarnishTest" declared implicitly
  	ESP8266_StaTcpClient_UnvarnishTest ();
..\..\User\main.c: 2 warnings, 0 errors
compiling AP_test.c...
..\..\User\AP_Test\AP_test.c(22): warning:  #177-D: variable "ucId" was declared but never referenced
  	uint8_t ucId, ucLen;
..\..\User\AP_Test\AP_test.c(22): warning:  #177-D: variable "ucLen" was declared but never referenced
  	uint8_t ucId, ucLen;
..\..\User\AP_Test\AP_test.c(23): warning:  #550-D: variable "Speed_Fight" was set but never used
  	uint16_t Speed_Left, Speed_Right, Speed_Fight;
..\..\User\AP_Test\AP_test.c(25): warning:  #177-D: variable "cStr" was declared but never referenced
  	char cStr [ 100 ] = { 0 }, cCh1,cCh2,cCh3;
..\..\User\AP_Test\AP_test.c: 4 warnings, 0 errors
linking...
Program Size: Code=11412 RO-data=268 RW-data=52 ZI-data=2052  
FromELF: creating hex file...
"..\..\Output\TIM—通用定时器-4路PWM输出.axf" - 0 Error(s), 6 Warning(s).

<h2>Software Packages used:</h2>

Package Vendor: Keil
                http://www.keil.com/pack/Keil.STM32F1xx_DFP.1.1.0.pack
                Keil.STM32F1xx_DFP.1.1.0
                STMicroelectronics STM32F1 Series Device Support, Drivers and Examples

<h2>Collection of Component include folders:</h2>
  .\RTE\_TIM____________-4__PWM____
  C:\Keil_v5\ARM\PACK\Keil\STM32F1xx_DFP\1.1.0\Device\Include

<h2>Collection of Component Files used:</h2>
Build Time Elapsed:  00:00:04
</pre>
</body>
</html>
