<html>
<body>
<pre>
<h1>µVision Build Log</h1>
<h2>Tool Versions:</h2>
IDE-Version: ¦ÌVision V5.23.0.0
Copyright (C) 2017 ARM Ltd and ARM Germany GmbH. All rights reserved.
License Information: 1eqw DELL, asdasddasd, LIC=IK1BS-LLGE3-2Z8W4-FIMWC-L02Q6-11NQ8
 
Tool Versions:
Toolchain:       MDK-ARM Plus  Version: 5.23
Toolchain Path:  C:\Keil_v5\ARM\ARMCC\Bin
C Compiler:      Armcc.exe V5.06 update 4 (build 422)
Assembler:       Armasm.exe V5.06 update 4 (build 422)
Linker/Locator:  ArmLink.exe V5.06 update 4 (build 422)
Library Manager: ArmAr.exe V5.06 update 4 (build 422)
Hex Converter:   FromElf.exe V5.06 update 4 (build 422)
CPU DLL:         SARMCM3.DLL V5.23
Dialog DLL:      DCM.DLL V1.15.0.0
Target DLL:      Segger\JL2CM3.dll V2.99.23.0
Dialog DLL:      TCM.DLL V1.27.0.0
 
<h2>Project:</h2>
G:\Schmeiser Robo\Schmeiser Robo_STA\Project\RVMDK£¨uv5£©\Schmeiser Robo_STA.uvprojx
Project File Date:  08/16/2018

<h2>Output:</h2>
*** Using Compiler 'V5.06 update 4 (build 422)', folder: 'C:\Keil_v5\ARM\ARMCC\Bin'
Build target 'Schmeiser Robo_STA'
compiling adc.c...
..\..\User\ADC\adc.c(71): warning:  #550-D: variable "ADC_ConvertedValue"  was set but never used
  	u16 ADC_ConvertedValue=0;
..\..\User\ADC\adc.c(72): warning:  #550-D: variable "ADC_ConvertedValue_1"  was set but never used
  	u16 ADC_ConvertedValue_1=0;
..\..\User\ADC\adc.c: 2 warnings, 0 errors
linking...
Program Size: Code=13140 RO-data=336 RW-data=52 ZI-data=2052  
".\Objects\Schmeiser Robo_STA.axf" - 0 Error(s), 2 Warning(s).

<h2>Collection of Component include folders:</h2>
  .\RTE\_Schmeiser_Robo_STA
  C:\Keil_v5\ARM\PACK\Keil\STM32F1xx_DFP\2.2.0\Device\Include

<h2>Collection of Component Files used:</h2>
Build Time Elapsed:  00:00:08
</pre>
</body>
</html>
