<html>
<body>
<pre>
<h1>µVision Build Log</h1>
<h2>Tool Versions:</h2>
IDE-Version: ¦ÌVision V5.24.2.86
Copyright (C) 2017 ARM Ltd and ARM Germany GmbH. All rights reserved.
License Information: XQ Lin, ABC, LIC=D0D12-95V3F-GJX6P-MBT1L-ZTP5R-FL3XV
 
Tool Versions:
Toolchain:       MDK-ARM Plus  Version: 5.20
Toolchain Path:  C:\Keil_v5\ARM\ARMCC\Bin
C Compiler:      Armcc.exe V5.06 update 2 (build 183)
Assembler:       Armasm.exe V5.06 update 2 (build 183)
Linker/Locator:  ArmLink.exe V5.06 update 2 (build 183)
Library Manager: ArmAr.exe V5.06 update 2 (build 183)
Hex Converter:   FromElf.exe V5.06 update 2 (build 183)
CPU DLL:         SARMCM3.DLL V5.20
Dialog DLL:      DCM.DLL V1.13.7.0
Target DLL:      Segger\JL2CM3.dll V2.99.20.0
Dialog DLL:      TCM.DLL V1.14.9.0
 
<h2>Project:</h2>
C:\Users\Lin\Desktop\Mix_test\TrueSTUDIO\Schmeiser Robo\Schmeiser Robo_STA\Project\RVMDK£¨uv5£©\Schmeiser Robo_STA.uvprojx
Project File Date:  08/13/2018

<h2>Output:</h2>
*** Using Compiler 'V5.06 update 2 (build 183)', folder: 'C:\Keil_v5\ARM\ARMCC\Bin'
Build target 'Schmeiser Robo_STA'
compiling adc.c...
..\..\User\ADC\adc.c(71): warning:  #550-D: variable "ADC_ConvertedValue" was set but never used
  	u16 ADC_ConvertedValue=0;
..\..\User\ADC\adc.c(72): warning:  #550-D: variable "ADC_ConvertedValue_1" was set but never used
  	u16 ADC_ConvertedValue_1=0;
..\..\User\ADC\adc.c(115): warning:  #223-D: function "printf" declared implicitly
  		printf("%d=%d\r\n",order,temp_val );
..\..\User\ADC\adc.c: 3 warnings, 0 errors
linking...
Program Size: Code=10216 RO-data=336 RW-data=48 ZI-data=2056  
".\Objects\Schmeiser Robo_STA.axf" - 0 Error(s), 3 Warning(s).

<h2>Software Packages used:</h2>

Package Vendor: Keil
                http://www.keil.com/pack/Keil.STM32F1xx_DFP.1.1.0.pack
                Keil.STM32F1xx_DFP.1.1.0
                STMicroelectronics STM32F1 Series Device Support, Drivers and Examples

<h2>Collection of Component include folders:</h2>
  .\RTE\_Schmeiser_Robo_STA
  C:\Keil_v5\ARM\PACK\Keil\STM32F1xx_DFP\1.1.0\Device\Include

<h2>Collection of Component Files used:</h2>
Build Time Elapsed:  00:00:02
</pre>
</body>
</html>
