<html>
<body>
<pre>
<h1>礦ision Build Log</h1>
<h2>Tool Versions:</h2>
IDE-Version: μVision V5.24.2.86
Copyright (C) 2017 ARM Ltd and ARM Germany GmbH. All rights reserved.
License Information: XQ Lin, ABC, LIC=D0D12-95V3F-GJX6P-MBT1L-ZTP5R-FL3XV
 
Tool Versions:
Toolchain:       MDK-ARM Plus  Version: 5.20
Toolchain Path:  C:\Keil_v5\ARM\ARMCC\Bin
C Compiler:      Armcc.exe V5.06 update 2 (build 183)
Assembler:       Armasm.exe V5.06 update 2 (build 183)
Linker/Locator:  ArmLink.exe V5.06 update 2 (build 183)
Library Manager: ArmAr.exe V5.06 update 2 (build 183)
Hex Converter:   FromElf.exe V5.06 update 2 (build 183)
CPU DLL:         SARMCM3.DLL V5.20
Dialog DLL:      DCM.DLL V1.13.7.0
Target DLL:      Segger\JL2CM3.dll V2.99.20.0
Dialog DLL:      TCM.DLL V1.14.9.0
 
<h2>Project:</h2>
C:\Users\Lin\Desktop\机器人大赛\Schmeiser Robo\Schmeiser Robo_AP\Project\RVMDK（uv5）\Schmeiser Robo_AP.uvprojx
Project File Date:  08/16/2018

<h2>Output:</h2>
*** Using Compiler 'V5.06 update 2 (build 183)', folder: 'C:\Keil_v5\ARM\ARMCC\Bin'
Build target 'Schmeiser Robo_AP'
compiling bsp_motor.c...
compiling AP_test.c...
..\..\User\AP_Test\AP_test.c(19): warning:  #177-D: variable "ucId" was declared but never referenced
  	uint8_t ucId, ucLen;
..\..\User\AP_Test\AP_test.c(19): warning:  #177-D: variable "ucLen" was declared but never referenced
  	uint8_t ucId, ucLen;
..\..\User\AP_Test\AP_test.c: 2 warnings, 0 errors
linking...
Program Size: Code=12028 RO-data=336 RW-data=48 ZI-data=2056  
FromELF: creating hex file...
".\Objects\Schmeiser Robo_AP.axf" - 0 Error(s), 2 Warning(s).

<h2>Software Packages used:</h2>

Package Vendor: Keil
                http://www.keil.com/pack/Keil.STM32F1xx_DFP.1.1.0.pack
                Keil.STM32F1xx_DFP.1.1.0
                STMicroelectronics STM32F1 Series Device Support, Drivers and Examples

<h2>Collection of Component include folders:</h2>
  .\RTE\_Schmeiser_Robo_AP
  C:\Keil_v5\ARM\PACK\Keil\STM32F1xx_DFP\1.1.0\Device\Include

<h2>Collection of Component Files used:</h2>
Build Time Elapsed:  00:00:03
</pre>
</body>
</html>
