<html>
<body>
<pre>
<h1>礦ision Build Log</h1>
<h2>Tool Versions:</h2>
IDE-Version: μVision V5.24.2.86
Copyright (C) 2017 ARM Ltd and ARM Germany GmbH. All rights reserved.
License Information: XQ Lin, ABC, LIC=D0D12-95V3F-GJX6P-MBT1L-ZTP5R-FL3XV
 
Tool Versions:
Toolchain:       MDK-ARM Plus  Version: 5.20
Toolchain Path:  C:\Keil_v5\ARM\ARMCC\Bin
C Compiler:      Armcc.exe V5.06 update 2 (build 183)
Assembler:       Armasm.exe V5.06 update 2 (build 183)
Linker/Locator:  ArmLink.exe V5.06 update 2 (build 183)
Library Manager: ArmAr.exe V5.06 update 2 (build 183)
Hex Converter:   FromElf.exe V5.06 update 2 (build 183)
CPU DLL:         SARMCM3.DLL V5.20
Dialog DLL:      DCM.DLL V1.13.7.0
Target DLL:      UL2CM3.DLL V1.157.18.0
Dialog DLL:      TCM.DLL V1.14.9.0
 
<h2>Project:</h2>
C:\Users\Lin\Desktop\机器人大赛\Schmeiser Robo\Schmeiser Robo_STA\Project\RVMDK（uv5）\Schmeiser Robo_STA.uvprojx
Project File Date:  08/18/2018

<h2>Output:</h2>
*** Using Compiler 'V5.06 update 2 (build 183)', folder: 'C:\Keil_v5\ARM\ARMCC\Bin'
Rebuild target 'Schmeiser Robo_STA'
assembling startup_stm32f10x_md.s...
compiling system_stm32f10x.c...
compiling core_cm3.c...
compiling misc.c...
compiling stm32f10x_adc.c...
compiling stm32f10x_bkp.c...
compiling stm32f10x_can.c...
compiling stm32f10x_cec.c...
compiling stm32f10x_crc.c...
compiling stm32f10x_dac.c...
compiling stm32f10x_dbgmcu.c...
compiling stm32f10x_dma.c...
compiling stm32f10x_exti.c...
compiling stm32f10x_flash.c...
compiling stm32f10x_fsmc.c...
compiling stm32f10x_gpio.c...
compiling stm32f10x_i2c.c...
compiling stm32f10x_iwdg.c...
compiling stm32f10x_pwr.c...
compiling stm32f10x_rcc.c...
compiling stm32f10x_rtc.c...
compiling stm32f10x_sdio.c...
compiling stm32f10x_spi.c...
compiling stm32f10x_tim.c...
compiling stm32f10x_usart.c...
compiling stm32f10x_wwdg.c...
compiling stm32f10x_it.c...
compiling delay.c...
compiling bsp_GeneralTim.c...
compiling adc.c...
..\..\User\ADC\adc.c(71): warning:  #550-D: variable "ADC_ConvertedValue" was set but never used
  	u16 ADC_ConvertedValue=0;
..\..\User\ADC\adc.c(72): warning:  #550-D: variable "ADC_ConvertedValue_1" was set but never used
  	u16 ADC_ConvertedValue_1=0;
..\..\User\ADC\adc.c: 2 warnings, 0 errors
compiling bsp_esp8266.c...
compiling bsp_usart1.c...
compiling bsp_led.c...
compiling bsp_gpio.c...
compiling Common.c...
compiling STA_test.c...
..\..\User\STA_Test\STA_test.c(27): warning:  #177-D: variable "cCmd" was declared but never referenced
  	char cCmd [120];
..\..\User\STA_Test\STA_test.c: 1 warning, 0 errors
compiling main.c...
..\..\User\STA_INIT.h(15): warning:  #1-D: last line of file ends without a newline
  #endif /* __INIT_H */
..\..\User\main.c: 1 warning, 0 errors
linking...
Program Size: Code=13320 RO-data=268 RW-data=52 ZI-data=2052  
FromELF: creating hex file...
".\Schmeiser Robo_STA.axf" - 0 Error(s), 4 Warning(s).

<h2>Software Packages used:</h2>

Package Vendor: Keil
                http://www.keil.com/pack/Keil.STM32F1xx_DFP.1.1.0.pack
                Keil.STM32F1xx_DFP.1.1.0
                STMicroelectronics STM32F1 Series Device Support, Drivers and Examples

<h2>Collection of Component include folders:</h2>
  .\RTE\_Schmeiser_Robo_STA
  C:\Keil_v5\ARM\PACK\Keil\STM32F1xx_DFP\1.1.0\Device\Include

<h2>Collection of Component Files used:</h2>
Build Time Elapsed:  00:01:52
</pre>
</body>
</html>
